src/app/(main)/admin/reports/page.tsx(42,35): error TS2367: This comparison appears to be unintentional because the types 'ReportStatus' and '"REVIEWED"' have no overlap.
src/app/(main)/admin/reports/page.tsx(229,20): error TS2367: This comparison appears to be unintentional because the types 'ReportStatus' and '"REVIEWED"' have no overlap.
src/app/(main)/app/thread/[threadId]/page.tsx(235,13): error TS2322: Type '({ replies: ({ replies: ({ author: { id: string; role: Role; displayName: string | null; image: string | null; createdAt: Date; updatedAt: Date; email: string; username: string; ... 4 more ...; emailVerified: Date | null; }; _count: { ...; }; } & { ...; })[]; author: { ...; }; _count: { ...; }; } & { ...; })[]; auth...' is not assignable to type 'Post[]'.
  Type '{ replies: ({ replies: ({ author: { id: string; role: Role; displayName: string | null; image: string | null; createdAt: Date; updatedAt: Date; email: string; username: string; ... 4 more ...; emailVerified: Date | null; }; _count: { ...; }; } & { ...; })[]; author: { ...; }; _count: { ...; }; } & { ...; })[]; autho...' is not assignable to type 'Post'.
    The types of 'author.image' are incompatible between these types.
      Type 'string | null' is not assignable to type 'string | undefined'.
        Type 'null' is not assignable to type 'string | undefined'.
